Archive member included to satisfy reference by file (symbol)

c:/program files (x86)/atmel/studio/7.0/toolchain/avr8/avr8-gnu-toolchain/bin/../lib/gcc/avr/5.4.0/avr5\libgcc.a(_udivmodhi4.o)
                              MCAL/TIMER_1/TIMER_1.o (__udivmodhi4)
c:/program files (x86)/atmel/studio/7.0/toolchain/avr8/avr8-gnu-toolchain/bin/../lib/gcc/avr/5.4.0/avr5\libgcc.a(_exit.o)
                              C:/Program Files (x86)/Atmel/Studio/7.0/Packs/atmel/ATmega_DFP/1.3.300/gcc/dev/atmega32/avr5/crtatmega32.o (exit)
c:/program files (x86)/atmel/studio/7.0/toolchain/avr8/avr8-gnu-toolchain/bin/../lib/gcc/avr/5.4.0/avr5\libgcc.a(_tablejump2.o)
                              MCAL/TIMER_1/TIMER_1.o (__tablejump2__)
c:/program files (x86)/atmel/studio/7.0/toolchain/avr8/avr8-gnu-toolchain/bin/../lib/gcc/avr/5.4.0/avr5\libgcc.a(_copy_data.o)
                              ECU/KEYPAD/KEYPAD.o (__do_copy_data)
c:/program files (x86)/atmel/studio/7.0/toolchain/avr8/avr8-gnu-toolchain/bin/../lib/gcc/avr/5.4.0/avr5\libgcc.a(_clear_bss.o)
                              MCAL/EXTERNAL_INTERRUPT/EXTERNAL_INTERRUPT.o (__do_clear_bss)
c:/program files (x86)/atmel/studio/7.0/toolchain/avr8/avr8-gnu-toolchain/bin/../lib/gcc/avr/5.4.0/avr5\libgcc.a(_umulhisi3.o)
                              ECU/LCD/LCD.o (__umulhisi3)

Allocating common symbols
Common symbol       size              file

Local_u16TimeON     0x2               MCAL/TIMER_1/TIMER_1.o
Local_u16TimeOFF    0x2               MCAL/TIMER_1/TIMER_1.o

Discarded input sections

 .data          0x00000000        0x0 C:/Program Files (x86)/Atmel/Studio/7.0/Packs/atmel/ATmega_DFP/1.3.300/gcc/dev/atmega32/avr5/crtatmega32.o
 .bss           0x00000000        0x0 C:/Program Files (x86)/Atmel/Studio/7.0/Packs/atmel/ATmega_DFP/1.3.300/gcc/dev/atmega32/avr5/crtatmega32.o
 .text          0x00000000        0x0 ECU/BUTTON/BUTTON.o
 .data          0x00000000        0x0 ECU/BUTTON/BUTTON.o
 .bss           0x00000000        0x0 ECU/BUTTON/BUTTON.o
 .text.Button_init
                0x00000000       0x10 ECU/BUTTON/BUTTON.o
 .text.Button_read_status
                0x00000000       0x7a ECU/BUTTON/BUTTON.o
 .debug_info    0x00000000      0x316 ECU/BUTTON/BUTTON.o
 .debug_abbrev  0x00000000      0x11a ECU/BUTTON/BUTTON.o
 .debug_loc     0x00000000      0x1d6 ECU/BUTTON/BUTTON.o
 .debug_aranges
                0x00000000       0x28 ECU/BUTTON/BUTTON.o
 .debug_ranges  0x00000000       0x18 ECU/BUTTON/BUTTON.o
 .debug_line    0x00000000      0x130 ECU/BUTTON/BUTTON.o
 .debug_str     0x00000000      0x389 ECU/BUTTON/BUTTON.o
 .comment       0x00000000       0x31 ECU/BUTTON/BUTTON.o
 .debug_frame   0x00000000       0x58 ECU/BUTTON/BUTTON.o
 .text          0x00000000        0x0 ECU/DC_MOTOR/DC_MOTOR.o
 .data          0x00000000        0x0 ECU/DC_MOTOR/DC_MOTOR.o
 .bss           0x00000000        0x0 ECU/DC_MOTOR/DC_MOTOR.o
 .text.DC_Motor_Move_Lift
                0x00000000       0x24 ECU/DC_MOTOR/DC_MOTOR.o
 .text.DC_Stop_Motor
                0x00000000       0x24 ECU/DC_MOTOR/DC_MOTOR.o
 .text          0x00000000        0x0 ECU/KEYPAD/KEYPAD.o
 .data          0x00000000        0x0 ECU/KEYPAD/KEYPAD.o
 .bss           0x00000000        0x0 ECU/KEYPAD/KEYPAD.o
 .text.keypad_intialize
                0x00000000       0x4e ECU/KEYPAD/KEYPAD.o
 .text.keypad_get_value
                0x00000000      0x100 ECU/KEYPAD/KEYPAD.o
 .rodata.btn_value
                0x00000000       0x10 ECU/KEYPAD/KEYPAD.o
 .debug_info    0x00000000      0x40c ECU/KEYPAD/KEYPAD.o
 .debug_abbrev  0x00000000      0x12c ECU/KEYPAD/KEYPAD.o
 .debug_loc     0x00000000      0x3a6 ECU/KEYPAD/KEYPAD.o
 .debug_aranges
                0x00000000       0x28 ECU/KEYPAD/KEYPAD.o
 .debug_ranges  0x00000000       0x18 ECU/KEYPAD/KEYPAD.o
 .debug_line    0x00000000      0x154 ECU/KEYPAD/KEYPAD.o
 .debug_str     0x00000000      0x3b3 ECU/KEYPAD/KEYPAD.o
 .comment       0x00000000       0x31 ECU/KEYPAD/KEYPAD.o
 .debug_frame   0x00000000       0xa8 ECU/KEYPAD/KEYPAD.o
 .text          0x00000000        0x0 ECU/LCD/LCD.o
 .data          0x00000000        0x0 ECU/LCD/LCD.o
 .bss           0x00000000        0x0 ECU/LCD/LCD.o
 .text.LCD_4Bit_Send
                0x00000000       0x4c ECU/LCD/LCD.o
 .text.LCD_4Bit_Send_enable
                0x00000000       0x2e ECU/LCD/LCD.o
 .text.lcd_8bit_send_enable_signal
                0x00000000       0x2e ECU/LCD/LCD.o
 .text.LCD_4Bit_Send_Command
                0x00000000       0x40 ECU/LCD/LCD.o
 .text.LCD_4Bit_Init
                0x00000000       0xae ECU/LCD/LCD.o
 .text.LCD_4Bit_Send_Data_char
                0x00000000       0x40 ECU/LCD/LCD.o
 .text.LCD_4Bit_send_Data_char_Pos
                0x00000000       0x5e ECU/LCD/LCD.o
 .text.LCD_4Bit_Send_Data_String
                0x00000000       0x36 ECU/LCD/LCD.o
 .text.LCD_4Bit_send_Data_String_Pos
                0x00000000       0x62 ECU/LCD/LCD.o
 .text.LCD_4Bit_Send_Cust_Char
                0x00000000       0x66 ECU/LCD/LCD.o
 .text.lcd_4bit_send_number
                0x00000000       0xcc ECU/LCD/LCD.o
 .text.lcd_4bit_send_number_pos
                0x00000000       0x74 ECU/LCD/LCD.o
 .text.LCD_8Bit_Init
                0x00000000        0xc ECU/LCD/LCD.o
 .text.LCD_8Bit_Send_Command
                0x00000000        0xc ECU/LCD/LCD.o
 .text.LCD_8Bit_Send_Data_char
                0x00000000        0xc ECU/LCD/LCD.o
 .text.LCD_8Bit_send_Data_char_Pos
                0x00000000        0xc ECU/LCD/LCD.o
 .text.LCD_8Bit_Send_Data_String
                0x00000000        0xc ECU/LCD/LCD.o
 .text.LCD_8Bit_send_Data_String_Pos
                0x00000000        0xc ECU/LCD/LCD.o
 .text.lcd_8bit_send_comand
                0x00000000       0x68 ECU/LCD/LCD.o
 .text.lcd_8bit_initialize
                0x00000000       0xb8 ECU/LCD/LCD.o
 .text.lcd_8bit_set_cursor
                0x00000000       0x4a ECU/LCD/LCD.o
 .text.lcd_8bit_send_char_data
                0x00000000       0x68 ECU/LCD/LCD.o
 .text.lcd_8bit_send_char_data_pos
                0x00000000       0x26 ECU/LCD/LCD.o
 .text.lcd_8bit_send_string
                0x00000000       0x3e ECU/LCD/LCD.o
 .text.lcd_8bit_send_string_pos
                0x00000000       0x34 ECU/LCD/LCD.o
 .text.lcd_8bit_send_custom_char
                0x00000000       0x68 ECU/LCD/LCD.o
 .debug_info    0x00000000     0x1860 ECU/LCD/LCD.o
 .debug_abbrev  0x00000000      0x353 ECU/LCD/LCD.o
 .debug_loc     0x00000000     0x247f ECU/LCD/LCD.o
 .debug_aranges
                0x00000000       0xe8 ECU/LCD/LCD.o
 .debug_ranges  0x00000000       0xd8 ECU/LCD/LCD.o
 .debug_line    0x00000000      0x7ef ECU/LCD/LCD.o
 .debug_str     0x00000000      0x67f ECU/LCD/LCD.o
 .comment       0x00000000       0x31 ECU/LCD/LCD.o
 .debug_frame   0x00000000      0x37c ECU/LCD/LCD.o
 .text          0x00000000        0x0 ECU/LED/LED.o
 .data          0x00000000        0x0 ECU/LED/LED.o
 .bss           0x00000000        0x0 ECU/LED/LED.o
 .text.Led_Init
                0x00000000       0x44 ECU/LED/LED.o
 .text.Led_Turn_On
                0x00000000       0x3c ECU/LED/LED.o
 .text.Led_Turn_Off
                0x00000000       0x3c ECU/LED/LED.o
 .text.Led_Toggle
                0x00000000       0x3a ECU/LED/LED.o
 .debug_info    0x00000000      0x3fc ECU/LED/LED.o
 .debug_abbrev  0x00000000      0x114 ECU/LED/LED.o
 .debug_loc     0x00000000      0x348 ECU/LED/LED.o
 .debug_aranges
                0x00000000       0x38 ECU/LED/LED.o
 .debug_ranges  0x00000000       0x28 ECU/LED/LED.o
 .debug_line    0x00000000      0x142 ECU/LED/LED.o
 .debug_str     0x00000000      0x360 ECU/LED/LED.o
 .comment       0x00000000       0x31 ECU/LED/LED.o
 .debug_frame   0x00000000       0x94 ECU/LED/LED.o
 .text          0x00000000        0x0 main.o
 .data          0x00000000        0x0 main.o
 .bss           0x00000000        0x0 main.o
 .text          0x00000000        0x0 MCAL/ADC/ADC.o
 .data          0x00000000        0x0 MCAL/ADC/ADC.o
 .bss           0x00000000        0x0 MCAL/ADC/ADC.o
 .text.ADC_Init
                0x00000000       0x5e MCAL/ADC/ADC.o
 .text.ADC_Read
                0x00000000       0x5e MCAL/ADC/ADC.o
 .debug_info    0x00000000      0x24a MCAL/ADC/ADC.o
 .debug_abbrev  0x00000000       0xf8 MCAL/ADC/ADC.o
 .debug_loc     0x00000000       0xad MCAL/ADC/ADC.o
 .debug_aranges
                0x00000000       0x28 MCAL/ADC/ADC.o
 .debug_ranges  0x00000000       0x18 MCAL/ADC/ADC.o
 .debug_line    0x00000000      0x193 MCAL/ADC/ADC.o
 .debug_str     0x00000000      0x343 MCAL/ADC/ADC.o
 .comment       0x00000000       0x31 MCAL/ADC/ADC.o
 .debug_frame   0x00000000       0x34 MCAL/ADC/ADC.o
 .text          0x00000000        0x0 MCAL/DIO/DIO.o
 .data          0x00000000        0x0 MCAL/DIO/DIO.o
 .bss           0x00000000        0x0 MCAL/DIO/DIO.o
 .text.gpio_get_pin_direction
                0x00000000       0x3c MCAL/DIO/DIO.o
 .text.gpio_read_logic
                0x00000000       0x3c MCAL/DIO/DIO.o
 .text.gpio_pin_toggle
                0x00000000       0x3c MCAL/DIO/DIO.o
 .text.gpio_pin_init
                0x00000000       0x20 MCAL/DIO/DIO.o
 .data.pin_regster
                0x00000000        0x8 MCAL/DIO/DIO.o
 .text          0x00000000        0x0 MCAL/EXTERNAL_INTERRUPT/EXTERNAL_INTERRUPT.o
 .data          0x00000000        0x0 MCAL/EXTERNAL_INTERRUPT/EXTERNAL_INTERRUPT.o
 .bss           0x00000000        0x0 MCAL/EXTERNAL_INTERRUPT/EXTERNAL_INTERRUPT.o
 .text.EXI_interrupt_init
                0x00000000       0xda MCAL/EXTERNAL_INTERRUPT/EXTERNAL_INTERRUPT.o
 .text.EXI_CallBack
                0x00000000       0x52 MCAL/EXTERNAL_INTERRUPT/EXTERNAL_INTERRUPT.o
 .text          0x00000000        0x0 MCAL/TIMER_0/TIMER_0.o
 .data          0x00000000        0x0 MCAL/TIMER_0/TIMER_0.o
 .bss           0x00000000        0x0 MCAL/TIMER_0/TIMER_0.o
 .text.TMR0_init
                0x00000000       0x94 MCAL/TIMER_0/TIMER_0.o
 .text.TMR0_Write_Value
                0x00000000        0x6 MCAL/TIMER_0/TIMER_0.o
 .text.TMR0_Read_Value
                0x00000000       0x12 MCAL/TIMER_0/TIMER_0.o
 .text.TMR0_OverFlow_Iterrupt_Enable
                0x00000000       0x20 MCAL/TIMER_0/TIMER_0.o
 .text.TMR0_OverFlow_Iterrupt_Disable
                0x00000000       0x1a MCAL/TIMER_0/TIMER_0.o
 .text.TMR0_OC_Iterrupt_Enable
                0x00000000       0x20 MCAL/TIMER_0/TIMER_0.o
 .text.TMR0_OC_Iterrupt_Disnable
                0x00000000       0x1a MCAL/TIMER_0/TIMER_0.o
 .text          0x00000000        0x0 MCAL/TIMER_1/TIMER_1.o
 .data          0x00000000        0x0 MCAL/TIMER_1/TIMER_1.o
 .bss           0x00000000        0x0 MCAL/TIMER_1/TIMER_1.o
 .text.TIMER1_Init
                0x00000000      0x2d2 MCAL/TIMER_1/TIMER_1.o
 .progmem.gcc_sw_table.TIMER1_Init
                0x00000000       0x20 MCAL/TIMER_1/TIMER_1.o
 .text.TIMER1_Interrupt_Over_Flow_enable
                0x00000000       0x20 MCAL/TIMER_1/TIMER_1.o
 .text.TIMER1_Interrupt_Over_Flow_Disable
                0x00000000        0xa MCAL/TIMER_1/TIMER_1.o
 .text.TIMER1_voidSetOCR1A
                0x00000000        0x8 MCAL/TIMER_1/TIMER_1.o
 .text.TIMER1_voidSetOCR1B
                0x00000000        0x8 MCAL/TIMER_1/TIMER_1.o
 .text.TIMER1_voidSetICR1
                0x00000000        0x8 MCAL/TIMER_1/TIMER_1.o
 .text.TIMER1_voidSetTCNT1
                0x00000000        0x8 MCAL/TIMER_1/TIMER_1.o
 .text.PWM_FreQ_KHz
                0x00000000       0x2c MCAL/TIMER_1/TIMER_1.o
 .text.PWM_FreQ_Hz
                0x00000000       0x2c MCAL/TIMER_1/TIMER_1.o
 .text.PWM_SetDuty_Cycle
                0x00000000       0x44 MCAL/TIMER_1/TIMER_1.o
 .text.TIMER1_Set_CaptureEdge
                0x00000000       0x1a MCAL/TIMER_1/TIMER_1.o
 .text.TIMER1_Interrupt_COMPA_enable
                0x00000000       0x20 MCAL/TIMER_1/TIMER_1.o
 .text.TIMER1_Interrupt_COMPA_Disable
                0x00000000        0xa MCAL/TIMER_1/TIMER_1.o
 .text.TMR1_Interrupt_COMPB_enable
                0x00000000       0x20 MCAL/TIMER_1/TIMER_1.o
 .text.TMR1_Interrupt_COMPB_Disable
                0x00000000        0xa MCAL/TIMER_1/TIMER_1.o
 .text.TIMER1_Interrupt_CAPT_enable
                0x00000000       0x12 MCAL/TIMER_1/TIMER_1.o
 .text.TIMER1_Interrupt_CAPT_Disable
                0x00000000        0xa MCAL/TIMER_1/TIMER_1.o
 .text.Timer1ICU_InterruptAction
                0x00000000       0x82 MCAL/TIMER_1/TIMER_1.o
 .text.PWM1_voidRead
                0x00000000       0xb2 MCAL/TIMER_1/TIMER_1.o
 .bss.Global_u16Flag
                0x00000000        0x2 MCAL/TIMER_1/TIMER_1.o
 .bss.Global_u16Time3
                0x00000000        0x2 MCAL/TIMER_1/TIMER_1.o
 .bss.Global_u16Time2
                0x00000000        0x2 MCAL/TIMER_1/TIMER_1.o
 .bss.Global_u16Time1
                0x00000000        0x2 MCAL/TIMER_1/TIMER_1.o
 COMMON         0x00000000        0x4 MCAL/TIMER_1/TIMER_1.o
 .text          0x00000000        0x0 MCAL/UART/UART.o
 .data          0x00000000        0x0 MCAL/UART/UART.o
 .bss           0x00000000        0x0 MCAL/UART/UART.o
 .text.UART_Init
                0x00000000       0x14 MCAL/UART/UART.o
 .text.UART_RX_InterruptEnable
                0x00000000        0x4 MCAL/UART/UART.o
 .text.UART_RX_InterruptDisable
                0x00000000        0x4 MCAL/UART/UART.o
 .text.UART_TX_InterruptEnable
                0x00000000        0x4 MCAL/UART/UART.o
 .text.UART_TX_InterruptDisable
                0x00000000        0x4 MCAL/UART/UART.o
 .text.UART_RX_SetCallBack
                0x00000000        0xa MCAL/UART/UART.o
 .text.UART_TX_SetCallBack
                0x00000000        0xa MCAL/UART/UART.o
 .text.UART_SendByteNoBlock
                0x00000000        0x4 MCAL/UART/UART.o
 .text.UART_ReceiveByteNoBlock
                0x00000000        0x4 MCAL/UART/UART.o
 .text.UART_SendByte
                0x00000000        0x8 MCAL/UART/UART.o
 .text.UART_ReceiveByte
                0x00000000        0x8 MCAL/UART/UART.o
 .text.UART_Receive_NoBlock
                0x00000000       0x12 MCAL/UART/UART.o
 .rodata.BaudRateArray
                0x00000000       0x48 MCAL/UART/UART.o
 .text          0x00000000        0x0 SERVICES/UART_SERVICES/UART_SERVICES.o
 .data          0x00000000        0x0 SERVICES/UART_SERVICES/UART_SERVICES.o
 .bss           0x00000000        0x0 SERVICES/UART_SERVICES/UART_SERVICES.o
 .text.Send_Int_Function2
                0x00000000        0x8 SERVICES/UART_SERVICES/UART_SERVICES.o
 .text.Func_TX  0x00000000       0x32 SERVICES/UART_SERVICES/UART_SERVICES.o
 .text.Receive_Int_Function
                0x00000000       0x2a SERVICES/UART_SERVICES/UART_SERVICES.o
 .text.UART_SendString
                0x00000000       0x2c SERVICES/UART_SERVICES/UART_SERVICES.o
 .text.UART_SendString_Asynch
                0x00000000       0x1e SERVICES/UART_SERVICES/UART_SERVICES.o
 .text.UART_SendString_Asynch_NocodeInInt
                0x00000000       0x46 SERVICES/UART_SERVICES/UART_SERVICES.o
 .text.UART_ReceiveString
                0x00000000       0x54 SERVICES/UART_SERVICES/UART_SERVICES.o
 .text.UART_ReceiveString_Asynch
                0x00000000       0x16 SERVICES/UART_SERVICES/UART_SERVICES.o
 .text.UART_SendString_MYProtocol
                0x00000000       0x8a SERVICES/UART_SERVICES/UART_SERVICES.o
 .text.UART_ReceiveString_MyProtocol
                0x00000000       0x6a SERVICES/UART_SERVICES/UART_SERVICES.o
 .bss.i.2024    0x00000000        0x1 SERVICES/UART_SERVICES/UART_SERVICES.o
 .bss.i.2007    0x00000000        0x1 SERVICES/UART_SERVICES/UART_SERVICES.o
 .data.i.2003   0x00000000        0x1 SERVICES/UART_SERVICES/UART_SERVICES.o
 .bss.Asynch_receive_str
                0x00000000        0x2 SERVICES/UART_SERVICES/UART_SERVICES.o
 .bss.Asynch_Send_Str
                0x00000000        0x2 SERVICES/UART_SERVICES/UART_SERVICES.o
 .data.flag     0x00000000        0x1 SERVICES/UART_SERVICES/UART_SERVICES.o
 .debug_info    0x00000000      0x4ac SERVICES/UART_SERVICES/UART_SERVICES.o
 .debug_abbrev  0x00000000      0x172 SERVICES/UART_SERVICES/UART_SERVICES.o
 .debug_loc     0x00000000      0x5e3 SERVICES/UART_SERVICES/UART_SERVICES.o
 .debug_aranges
                0x00000000       0x68 SERVICES/UART_SERVICES/UART_SERVICES.o
 .debug_ranges  0x00000000       0x58 SERVICES/UART_SERVICES/UART_SERVICES.o
 .debug_line    0x00000000      0x2de SERVICES/UART_SERVICES/UART_SERVICES.o
 .debug_str     0x00000000      0x399 SERVICES/UART_SERVICES/UART_SERVICES.o
 .comment       0x00000000       0x31 SERVICES/UART_SERVICES/UART_SERVICES.o
 .debug_frame   0x00000000      0x148 SERVICES/UART_SERVICES/UART_SERVICES.o
 .text          0x00000000        0x0 c:/program files (x86)/atmel/studio/7.0/toolchain/avr8/avr8-gnu-toolchain/bin/../lib/gcc/avr/5.4.0/avr5\libgcc.a(_udivmodhi4.o)
 .data          0x00000000        0x0 c:/program files (x86)/atmel/studio/7.0/toolchain/avr8/avr8-gnu-toolchain/bin/../lib/gcc/avr/5.4.0/avr5\libgcc.a(_udivmodhi4.o)
 .bss           0x00000000        0x0 c:/program files (x86)/atmel/studio/7.0/toolchain/avr8/avr8-gnu-toolchain/bin/../lib/gcc/avr/5.4.0/avr5\libgcc.a(_udivmodhi4.o)
 .text.libgcc.mul
                0x00000000        0x0 c:/program files (x86)/atmel/studio/7.0/toolchain/avr8/avr8-gnu-toolchain/bin/../lib/gcc/avr/5.4.0/avr5\libgcc.a(_udivmodhi4.o)
 .text.libgcc.div
                0x00000000       0x28 c:/program files (x86)/atmel/studio/7.0/toolchain/avr8/avr8-gnu-toolchain/bin/../lib/gcc/avr/5.4.0/avr5\libgcc.a(_udivmodhi4.o)
 .text.libgcc   0x00000000        0x0 c:/program files (x86)/atmel/studio/7.0/toolchain/avr8/avr8-gnu-toolchain/bin/../lib/gcc/avr/5.4.0/avr5\libgcc.a(_udivmodhi4.o)
 .text.libgcc.prologue
                0x00000000        0x0 c:/program files (x86)/atmel/studio/7.0/toolchain/avr8/avr8-gnu-toolchain/bin/../lib/gcc/avr/5.4.0/avr5\libgcc.a(_udivmodhi4.o)
 .text.libgcc.builtins
                0x00000000        0x0 c:/program files (x86)/atmel/studio/7.0/toolchain/avr8/avr8-gnu-toolchain/bin/../lib/gcc/avr/5.4.0/avr5\libgcc.a(_udivmodhi4.o)
 .text.libgcc.fmul
                0x00000000        0x0 c:/program files (x86)/atmel/studio/7.0/toolchain/avr8/avr8-gnu-toolchain/bin/../lib/gcc/avr/5.4.0/avr5\libgcc.a(_udivmodhi4.o)
 .text.libgcc.fixed
                0x00000000        0x0 c:/program files (x86)/atmel/studio/7.0/toolchain/avr8/avr8-gnu-toolchain/bin/../lib/gcc/avr/5.4.0/avr5\libgcc.a(_udivmodhi4.o)
 .text          0x00000000        0x0 c:/program files (x86)/atmel/studio/7.0/toolchain/avr8/avr8-gnu-toolchain/bin/../lib/gcc/avr/5.4.0/avr5\libgcc.a(_exit.o)
 .data          0x00000000        0x0 c:/program files (x86)/atmel/studio/7.0/toolchain/avr8/avr8-gnu-toolchain/bin/../lib/gcc/avr/5.4.0/avr5\libgcc.a(_exit.o)
 .bss           0x00000000        0x0 c:/program files (x86)/atmel/studio/7.0/toolchain/avr8/avr8-gnu-toolchain/bin/../lib/gcc/avr/5.4.0/avr5\libgcc.a(_exit.o)
 .text.libgcc.mul
                0x00000000        0x0 c:/program files (x86)/atmel/studio/7.0/toolchain/avr8/avr8-gnu-toolchain/bin/../lib/gcc/avr/5.4.0/avr5\libgcc.a(_exit.o)
 .text.libgcc.div
                0x00000000        0x0 c:/program files (x86)/atmel/studio/7.0/toolchain/avr8/avr8-gnu-toolchain/bin/../lib/gcc/avr/5.4.0/avr5\libgcc.a(_exit.o)
 .text.libgcc   0x00000000        0x0 c:/program files (x86)/atmel/studio/7.0/toolchain/avr8/avr8-gnu-toolchain/bin/../lib/gcc/avr/5.4.0/avr5\libgcc.a(_exit.o)
 .text.libgcc.prologue
                0x00000000        0x0 c:/program files (x86)/atmel/studio/7.0/toolchain/avr8/avr8-gnu-toolchain/bin/../lib/gcc/avr/5.4.0/avr5\libgcc.a(_exit.o)
 .text.libgcc.builtins
                0x00000000        0x0 c:/program files (x86)/atmel/studio/7.0/toolchain/avr8/avr8-gnu-toolchain/bin/../lib/gcc/avr/5.4.0/avr5\libgcc.a(_exit.o)
 .text.libgcc.fmul
                0x00000000        0x0 c:/program files (x86)/atmel/studio/7.0/toolchain/avr8/avr8-gnu-toolchain/bin/../lib/gcc/avr/5.4.0/avr5\libgcc.a(_exit.o)
 .text.libgcc.fixed
                0x00000000        0x0 c:/program files (x86)/atmel/studio/7.0/toolchain/avr8/avr8-gnu-toolchain/bin/../lib/gcc/avr/5.4.0/avr5\libgcc.a(_exit.o)
 .text          0x00000000        0x0 c:/program files (x86)/atmel/studio/7.0/toolchain/avr8/avr8-gnu-toolchain/bin/../lib/gcc/avr/5.4.0/avr5\libgcc.a(_tablejump2.o)
 .data          0x00000000        0x0 c:/program files (x86)/atmel/studio/7.0/toolchain/avr8/avr8-gnu-toolchain/bin/../lib/gcc/avr/5.4.0/avr5\libgcc.a(_tablejump2.o)
 .bss           0x00000000        0x0 c:/program files (x86)/atmel/studio/7.0/toolchain/avr8/avr8-gnu-toolchain/bin/../lib/gcc/avr/5.4.0/avr5\libgcc.a(_tablejump2.o)
 .text.libgcc.mul
                0x00000000        0x0 c:/program files (x86)/atmel/studio/7.0/toolchain/avr8/avr8-gnu-toolchain/bin/../lib/gcc/avr/5.4.0/avr5\libgcc.a(_tablejump2.o)
 .text.libgcc.div
                0x00000000        0x0 c:/program files (x86)/atmel/studio/7.0/toolchain/avr8/avr8-gnu-toolchain/bin/../lib/gcc/avr/5.4.0/avr5\libgcc.a(_tablejump2.o)
 .text.libgcc   0x00000000        0xc c:/program files (x86)/atmel/studio/7.0/toolchain/avr8/avr8-gnu-toolchain/bin/../lib/gcc/avr/5.4.0/avr5\libgcc.a(_tablejump2.o)
 .text.libgcc.prologue
                0x00000000        0x0 c:/program files (x86)/atmel/studio/7.0/toolchain/avr8/avr8-gnu-toolchain/bin/../lib/gcc/avr/5.4.0/avr5\libgcc.a(_tablejump2.o)
 .text.libgcc.builtins
                0x00000000        0x0 c:/program files (x86)/atmel/studio/7.0/toolchain/avr8/avr8-gnu-toolchain/bin/../lib/gcc/avr/5.4.0/avr5\libgcc.a(_tablejump2.o)
 .text.libgcc.fmul
                0x00000000        0x0 c:/program files (x86)/atmel/studio/7.0/toolchain/avr8/avr8-gnu-toolchain/bin/../lib/gcc/avr/5.4.0/avr5\libgcc.a(_tablejump2.o)
 .text.libgcc.fixed
                0x00000000        0x0 c:/program files (x86)/atmel/studio/7.0/toolchain/avr8/avr8-gnu-toolchain/bin/../lib/gcc/avr/5.4.0/avr5\libgcc.a(_tablejump2.o)
 .text          0x00000000        0x0 c:/program files (x86)/atmel/studio/7.0/toolchain/avr8/avr8-gnu-toolchain/bin/../lib/gcc/avr/5.4.0/avr5\libgcc.a(_copy_data.o)
 .data          0x00000000        0x0 c:/program files (x86)/atmel/studio/7.0/toolchain/avr8/avr8-gnu-toolchain/bin/../lib/gcc/avr/5.4.0/avr5\libgcc.a(_copy_data.o)
 .bss           0x00000000        0x0 c:/program files (x86)/atmel/studio/7.0/toolchain/avr8/avr8-gnu-toolchain/bin/../lib/gcc/avr/5.4.0/avr5\libgcc.a(_copy_data.o)
 .text.libgcc.mul
                0x00000000        0x0 c:/program files (x86)/atmel/studio/7.0/toolchain/avr8/avr8-gnu-toolchain/bin/../lib/gcc/avr/5.4.0/avr5\libgcc.a(_copy_data.o)
 .text.libgcc.div
                0x00000000        0x0 c:/program files (x86)/atmel/studio/7.0/toolchain/avr8/avr8-gnu-toolchain/bin/../lib/gcc/avr/5.4.0/avr5\libgcc.a(_copy_data.o)
 .text.libgcc   0x00000000        0x0 c:/program files (x86)/atmel/studio/7.0/toolchain/avr8/avr8-gnu-toolchain/bin/../lib/gcc/avr/5.4.0/avr5\libgcc.a(_copy_data.o)
 .text.libgcc.prologue
                0x00000000        0x0 c:/program files (x86)/atmel/studio/7.0/toolchain/avr8/avr8-gnu-toolchain/bin/../lib/gcc/avr/5.4.0/avr5\libgcc.a(_copy_data.o)
 .text.libgcc.builtins
                0x00000000        0x0 c:/program files (x86)/atmel/studio/7.0/toolchain/avr8/avr8-gnu-toolchain/bin/../lib/gcc/avr/5.4.0/avr5\libgcc.a(_copy_data.o)
 .text.libgcc.fmul
                0x00000000        0x0 c:/program files (x86)/atmel/studio/7.0/toolchain/avr8/avr8-gnu-toolchain/bin/../lib/gcc/avr/5.4.0/avr5\libgcc.a(_copy_data.o)
 .text.libgcc.fixed
                0x00000000        0x0 c:/program files (x86)/atmel/studio/7.0/toolchain/avr8/avr8-gnu-toolchain/bin/../lib/gcc/avr/5.4.0/avr5\libgcc.a(_copy_data.o)
 .text          0x00000000        0x0 c:/program files (x86)/atmel/studio/7.0/toolchain/avr8/avr8-gnu-toolchain/bin/../lib/gcc/avr/5.4.0/avr5\libgcc.a(_clear_bss.o)
 .data          0x00000000        0x0 c:/program files (x86)/atmel/studio/7.0/toolchain/avr8/avr8-gnu-toolchain/bin/../lib/gcc/avr/5.4.0/avr5\libgcc.a(_clear_bss.o)
 .bss           0x00000000        0x0 c:/program files (x86)/atmel/studio/7.0/toolchain/avr8/avr8-gnu-toolchain/bin/../lib/gcc/avr/5.4.0/avr5\libgcc.a(_clear_bss.o)
 .text.libgcc.mul
                0x00000000        0x0 c:/program files (x86)/atmel/studio/7.0/toolchain/avr8/avr8-gnu-toolchain/bin/../lib/gcc/avr/5.4.0/avr5\libgcc.a(_clear_bss.o)
 .text.libgcc.div
                0x00000000        0x0 c:/program files (x86)/atmel/studio/7.0/toolchain/avr8/avr8-gnu-toolchain/bin/../lib/gcc/avr/5.4.0/avr5\libgcc.a(_clear_bss.o)
 .text.libgcc   0x00000000        0x0 c:/program files (x86)/atmel/studio/7.0/toolchain/avr8/avr8-gnu-toolchain/bin/../lib/gcc/avr/5.4.0/avr5\libgcc.a(_clear_bss.o)
 .text.libgcc.prologue
                0x00000000        0x0 c:/program files (x86)/atmel/studio/7.0/toolchain/avr8/avr8-gnu-toolchain/bin/../lib/gcc/avr/5.4.0/avr5\libgcc.a(_clear_bss.o)
 .text.libgcc.builtins
                0x00000000        0x0 c:/program files (x86)/atmel/studio/7.0/toolchain/avr8/avr8-gnu-toolchain/bin/../lib/gcc/avr/5.4.0/avr5\libgcc.a(_clear_bss.o)
 .text.libgcc.fmul
                0x00000000        0x0 c:/program files (x86)/atmel/studio/7.0/toolchain/avr8/avr8-gnu-toolchain/bin/../lib/gcc/avr/5.4.0/avr5\libgcc.a(_clear_bss.o)
 .text.libgcc.fixed
                0x00000000        0x0 c:/program files (x86)/atmel/studio/7.0/toolchain/avr8/avr8-gnu-toolchain/bin/../lib/gcc/avr/5.4.0/avr5\libgcc.a(_clear_bss.o)
 .text          0x00000000        0x0 c:/program files (x86)/atmel/studio/7.0/toolchain/avr8/avr8-gnu-toolchain/bin/../lib/gcc/avr/5.4.0/avr5\libgcc.a(_umulhisi3.o)
 .data          0x00000000        0x0 c:/program files (x86)/atmel/studio/7.0/toolchain/avr8/avr8-gnu-toolchain/bin/../lib/gcc/avr/5.4.0/avr5\libgcc.a(_umulhisi3.o)
 .bss           0x00000000        0x0 c:/program files (x86)/atmel/studio/7.0/toolchain/avr8/avr8-gnu-toolchain/bin/../lib/gcc/avr/5.4.0/avr5\libgcc.a(_umulhisi3.o)
 .text.libgcc.mul
                0x00000000       0x1e c:/program files (x86)/atmel/studio/7.0/toolchain/avr8/avr8-gnu-toolchain/bin/../lib/gcc/avr/5.4.0/avr5\libgcc.a(_umulhisi3.o)
 .text.libgcc.div
                0x00000000        0x0 c:/program files (x86)/atmel/studio/7.0/toolchain/avr8/avr8-gnu-toolchain/bin/../lib/gcc/avr/5.4.0/avr5\libgcc.a(_umulhisi3.o)
 .text.libgcc   0x00000000        0x0 c:/program files (x86)/atmel/studio/7.0/toolchain/avr8/avr8-gnu-toolchain/bin/../lib/gcc/avr/5.4.0/avr5\libgcc.a(_umulhisi3.o)
 .text.libgcc.prologue
                0x00000000        0x0 c:/program files (x86)/atmel/studio/7.0/toolchain/avr8/avr8-gnu-toolchain/bin/../lib/gcc/avr/5.4.0/avr5\libgcc.a(_umulhisi3.o)
 .text.libgcc.builtins
                0x00000000        0x0 c:/program files (x86)/atmel/studio/7.0/toolchain/avr8/avr8-gnu-toolchain/bin/../lib/gcc/avr/5.4.0/avr5\libgcc.a(_umulhisi3.o)
 .text.libgcc.fmul
                0x00000000        0x0 c:/program files (x86)/atmel/studio/7.0/toolchain/avr8/avr8-gnu-toolchain/bin/../lib/gcc/avr/5.4.0/avr5\libgcc.a(_umulhisi3.o)
 .text.libgcc.fixed
                0x00000000        0x0 c:/program files (x86)/atmel/studio/7.0/toolchain/avr8/avr8-gnu-toolchain/bin/../lib/gcc/avr/5.4.0/avr5\libgcc.a(_umulhisi3.o)

Memory Configuration

Name             Origin             Length             Attributes
text             0x00000000         0x00020000         xr
data             0x00800060         0x0000ffa0         rw !x
eeprom           0x00810000         0x00010000         rw !x
fuse             0x00820000         0x00000002         rw !x
lock             0x00830000         0x00000400         rw !x
signature        0x00840000         0x00000400         rw !x
user_signatures  0x00850000         0x00000400         rw !x
*default*        0x00000000         0xffffffff

Linker script and memory map

LOAD C:/Program Files (x86)/Atmel/Studio/7.0/Packs/atmel/ATmega_DFP/1.3.300/gcc/dev/atmega32/avr5/crtatmega32.o
LOAD ECU/BUTTON/BUTTON.o
LOAD ECU/DC_MOTOR/DC_MOTOR.o
LOAD ECU/KEYPAD/KEYPAD.o
LOAD ECU/LCD/LCD.o
LOAD ECU/LED/LED.o
LOAD main.o
LOAD MCAL/ADC/ADC.o
LOAD MCAL/DIO/DIO.o
LOAD MCAL/EXTERNAL_INTERRUPT/EXTERNAL_INTERRUPT.o
LOAD MCAL/TIMER_0/TIMER_0.o
LOAD MCAL/TIMER_1/TIMER_1.o
LOAD MCAL/UART/UART.o
LOAD SERVICES/UART_SERVICES/UART_SERVICES.o
START GROUP
LOAD c:/program files (x86)/atmel/studio/7.0/toolchain/avr8/avr8-gnu-toolchain/bin/../lib/gcc/avr/5.4.0/../../../../avr/lib/avr5\libm.a
END GROUP
START GROUP
LOAD c:/program files (x86)/atmel/studio/7.0/toolchain/avr8/avr8-gnu-toolchain/bin/../lib/gcc/avr/5.4.0/avr5\libgcc.a
LOAD c:/program files (x86)/atmel/studio/7.0/toolchain/avr8/avr8-gnu-toolchain/bin/../lib/gcc/avr/5.4.0/../../../../avr/lib/avr5\libm.a
LOAD c:/program files (x86)/atmel/studio/7.0/toolchain/avr8/avr8-gnu-toolchain/bin/../lib/gcc/avr/5.4.0/../../../../avr/lib/avr5\libc.a
LOAD C:/Program Files (x86)/Atmel/Studio/7.0/Packs/atmel/ATmega_DFP/1.3.300/gcc/dev/atmega32/avr5\libatmega32.a
END GROUP
                0x00000000                __TEXT_REGION_ORIGIN__ = DEFINED (__TEXT_REGION_ORIGIN__)?__TEXT_REGION_ORIGIN__:0x0
                0x00800060                __DATA_REGION_ORIGIN__ = DEFINED (__DATA_REGION_ORIGIN__)?__DATA_REGION_ORIGIN__:0x800060
                0x00020000                __TEXT_REGION_LENGTH__ = DEFINED (__TEXT_REGION_LENGTH__)?__TEXT_REGION_LENGTH__:0x20000
                0x0000ffa0                __DATA_REGION_LENGTH__ = DEFINED (__DATA_REGION_LENGTH__)?__DATA_REGION_LENGTH__:0xffa0
                0x00010000                __EEPROM_REGION_LENGTH__ = DEFINED (__EEPROM_REGION_LENGTH__)?__EEPROM_REGION_LENGTH__:0x10000
                [0x00000002]                __FUSE_REGION_LENGTH__ = DEFINED (__FUSE_REGION_LENGTH__)?__FUSE_REGION_LENGTH__:0x400
                0x00000400                __LOCK_REGION_LENGTH__ = DEFINED (__LOCK_REGION_LENGTH__)?__LOCK_REGION_LENGTH__:0x400
                0x00000400                __SIGNATURE_REGION_LENGTH__ = DEFINED (__SIGNATURE_REGION_LENGTH__)?__SIGNATURE_REGION_LENGTH__:0x400
                0x00000400                __USER_SIGNATURE_REGION_LENGTH__ = DEFINED (__USER_SIGNATURE_REGION_LENGTH__)?__USER_SIGNATURE_REGION_LENGTH__:0x400

.hash
 *(.hash)

.dynsym
 *(.dynsym)

.dynstr
 *(.dynstr)

.gnu.version
 *(.gnu.version)

.gnu.version_d
 *(.gnu.version_d)

.gnu.version_r
 *(.gnu.version_r)

.rel.init
 *(.rel.init)

.rela.init
 *(.rela.init)

.rel.text
 *(.rel.text)
 *(.rel.text.*)
 *(.rel.gnu.linkonce.t*)

.rela.text
 *(.rela.text)
 *(.rela.text.*)
 *(.rela.gnu.linkonce.t*)

.rel.fini
 *(.rel.fini)

.rela.fini
 *(.rela.fini)

.rel.rodata
 *(.rel.rodata)
 *(.rel.rodata.*)
 *(.rel.gnu.linkonce.r*)

.rela.rodata
 *(.rela.rodata)
 *(.rela.rodata.*)
 *(.rela.gnu.linkonce.r*)

.rel.data
 *(.rel.data)
 *(.rel.data.*)
 *(.rel.gnu.linkonce.d*)

.rela.data
 *(.rela.data)
 *(.rela.data.*)
 *(.rela.gnu.linkonce.d*)

.rel.ctors
 *(.rel.ctors)

.rela.ctors
 *(.rela.ctors)

.rel.dtors
 *(.rel.dtors)

.rela.dtors
 *(.rela.dtors)

.rel.got
 *(.rel.got)

.rela.got
 *(.rela.got)

.rel.bss
 *(.rel.bss)

.rela.bss
 *(.rela.bss)

.rel.plt
 *(.rel.plt)

.rela.plt
 *(.rela.plt)

.text           0x00000000      0x57c
 *(.vectors)
 .vectors       0x00000000       0x54 C:/Program Files (x86)/Atmel/Studio/7.0/Packs/atmel/ATmega_DFP/1.3.300/gcc/dev/atmega32/avr5/crtatmega32.o
                0x00000000                __vector_default
                0x00000000                __vectors
 *(.vectors)
 *(.progmem.gcc*)
                0x00000054                . = ALIGN (0x2)
                0x00000054                __trampolines_start = .
 *(.trampolines)
 .trampolines   0x00000054        0x0 linker stubs
 *(.trampolines*)
                0x00000054                __trampolines_end = .
 *libprintf_flt.a:*(.progmem.data)
 *libc.a:*(.progmem.data)
 *(.progmem*)
                0x00000054                . = ALIGN (0x2)
 *(.jumptables)
 *(.jumptables*)
 *(.lowtext)
 *(.lowtext*)
                0x00000054                __ctors_start = .
 *(.ctors)
                0x00000054                __ctors_end = .
                0x00000054                __dtors_start = .
 *(.dtors)
                0x00000054                __dtors_end = .
 SORT(*)(.ctors)
 SORT(*)(.dtors)
 *(.init0)
 .init0         0x00000054        0x0 C:/Program Files (x86)/Atmel/Studio/7.0/Packs/atmel/ATmega_DFP/1.3.300/gcc/dev/atmega32/avr5/crtatmega32.o
                0x00000054                __init
 *(.init0)
 *(.init1)
 *(.init1)
 *(.init2)
 .init2         0x00000054        0xc C:/Program Files (x86)/Atmel/Studio/7.0/Packs/atmel/ATmega_DFP/1.3.300/gcc/dev/atmega32/avr5/crtatmega32.o
 *(.init2)
 *(.init3)
 *(.init3)
 *(.init4)
 .init4         0x00000060       0x16 c:/program files (x86)/atmel/studio/7.0/toolchain/avr8/avr8-gnu-toolchain/bin/../lib/gcc/avr/5.4.0/avr5\libgcc.a(_copy_data.o)
                0x00000060                __do_copy_data
 .init4         0x00000076       0x10 c:/program files (x86)/atmel/studio/7.0/toolchain/avr8/avr8-gnu-toolchain/bin/../lib/gcc/avr/5.4.0/avr5\libgcc.a(_clear_bss.o)
                0x00000076                __do_clear_bss
 *(.init4)
 *(.init5)
 *(.init5)
 *(.init6)
 *(.init6)
 *(.init7)
 *(.init7)
 *(.init8)
 *(.init8)
 *(.init9)
 .init9         0x00000086        0x8 C:/Program Files (x86)/Atmel/Studio/7.0/Packs/atmel/ATmega_DFP/1.3.300/gcc/dev/atmega32/avr5/crtatmega32.o
 *(.init9)
 *(.text)
 .text          0x0000008e        0x4 C:/Program Files (x86)/Atmel/Studio/7.0/Packs/atmel/ATmega_DFP/1.3.300/gcc/dev/atmega32/avr5/crtatmega32.o
                0x0000008e                __vector_12
                0x0000008e                __bad_interrupt
                0x0000008e                __vector_17
                0x0000008e                __vector_19
                0x0000008e                __vector_5
                0x0000008e                __vector_4
                0x0000008e                __vector_14
                0x0000008e                __vector_16
                0x0000008e                __vector_18
                0x0000008e                __vector_20
                0x00000092                . = ALIGN (0x2)
 *(.text.*)
 .text.DC_Motor_Init
                0x00000092       0x30 ECU/DC_MOTOR/DC_MOTOR.o
                0x00000092                DC_Motor_Init
 .text.DC_Motor_Move_Right
                0x000000c2       0x24 ECU/DC_MOTOR/DC_MOTOR.o
                0x000000c2                DC_Motor_Move_Right
 .text.main     0x000000e6       0x1a main.o
                0x000000e6                main
 .text.gpio_pin_dirction_init
                0x00000100       0x74 MCAL/DIO/DIO.o
                0x00000100                gpio_pin_dirction_init
 .text.gpio_write_logic
                0x00000174       0x7e MCAL/DIO/DIO.o
                0x00000174                gpio_write_logic
 .text.__vector_1
                0x000001f2       0x52 MCAL/EXTERNAL_INTERRUPT/EXTERNAL_INTERRUPT.o
                0x000001f2                __vector_1
 .text.__vector_2
                0x00000244       0x52 MCAL/EXTERNAL_INTERRUPT/EXTERNAL_INTERRUPT.o
                0x00000244                __vector_2
 .text.__vector_3
                0x00000296       0x52 MCAL/EXTERNAL_INTERRUPT/EXTERNAL_INTERRUPT.o
                0x00000296                __vector_3
 .text.__vector_11
                0x000002e8       0x52 MCAL/TIMER_0/TIMER_0.o
                0x000002e8                __vector_11
 .text.__vector_10
                0x0000033a       0x52 MCAL/TIMER_0/TIMER_0.o
                0x0000033a                __vector_10
 .text.__vector_9
                0x0000038c       0x52 MCAL/TIMER_1/TIMER_1.o
                0x0000038c                __vector_9
 .text.__vector_7
                0x000003de       0x52 MCAL/TIMER_1/TIMER_1.o
                0x000003de                __vector_7
 .text.__vector_8
                0x00000430       0x52 MCAL/TIMER_1/TIMER_1.o
                0x00000430                __vector_8
 .text.__vector_6
                0x00000482       0x52 MCAL/TIMER_1/TIMER_1.o
                0x00000482                __vector_6
 .text.__vector_13
                0x000004d4       0x52 MCAL/UART/UART.o
                0x000004d4                __vector_13
 .text.__vector_15
                0x00000526       0x52 MCAL/UART/UART.o
                0x00000526                __vector_15
                0x00000578                . = ALIGN (0x2)
 *(.fini9)
 .fini9         0x00000578        0x0 c:/program files (x86)/atmel/studio/7.0/toolchain/avr8/avr8-gnu-toolchain/bin/../lib/gcc/avr/5.4.0/avr5\libgcc.a(_exit.o)
                0x00000578                _exit
                0x00000578                exit
 *(.fini9)
 *(.fini8)
 *(.fini8)
 *(.fini7)
 *(.fini7)
 *(.fini6)
 *(.fini6)
 *(.fini5)
 *(.fini5)
 *(.fini4)
 *(.fini4)
 *(.fini3)
 *(.fini3)
 *(.fini2)
 *(.fini2)
 *(.fini1)
 *(.fini1)
 *(.fini0)
 .fini0         0x00000578        0x4 c:/program files (x86)/atmel/studio/7.0/toolchain/avr8/avr8-gnu-toolchain/bin/../lib/gcc/avr/5.4.0/avr5\libgcc.a(_exit.o)
 *(.fini0)
                0x0000057c                _etext = .

.data           0x00800060       0x1a load address 0x0000057c
                0x00800060                PROVIDE (__data_start, .)
 *(.data)
 *(.data*)
 .data.motor_1  0x00800060        0x8 main.o
                0x00800060                motor_1
 .data.ret      0x00800068        0x1 main.o
                0x00800068                ret
 .data.port_regster
                0x00800069        0x8 MCAL/DIO/DIO.o
                0x00800069                port_regster
 .data.ddr_regster
                0x00800071        0x8 MCAL/DIO/DIO.o
                0x00800071                ddr_regster
 *(.gnu.linkonce.d*)
 *(.rodata)
 *(.rodata*)
 *(.gnu.linkonce.r*)
                0x0080007a                . = ALIGN (0x2)
 *fill*         0x00800079        0x1 
                0x0080007a                _edata = .
                0x0080007a                PROVIDE (__data_end, .)

.bss            0x0080007a       0x16
                0x0080007a                PROVIDE (__bss_start, .)
 *(.bss)
 *(.bss*)
 .bss.INT2_fptr
                0x0080007a        0x2 MCAL/EXTERNAL_INTERRUPT/EXTERNAL_INTERRUPT.o
 .bss.INT1_fptr
                0x0080007c        0x2 MCAL/EXTERNAL_INTERRUPT/EXTERNAL_INTERRUPT.o
 .bss.INT0_fptr
                0x0080007e        0x2 MCAL/EXTERNAL_INTERRUPT/EXTERNAL_INTERRUPT.o
 .bss.tmr0_OC_interruptHandler
                0x00800080        0x2 MCAL/TIMER_0/TIMER_0.o
 .bss.tmr0_overFlow_interruptHandler
                0x00800082        0x2 MCAL/TIMER_0/TIMER_0.o
 .bss.TMR1_InterriptCAPT
                0x00800084        0x2 MCAL/TIMER_1/TIMER_1.o
 .bss.TMR1_InterriptComB
                0x00800086        0x2 MCAL/TIMER_1/TIMER_1.o
 .bss.TMR1_InterriptComA
                0x00800088        0x2 MCAL/TIMER_1/TIMER_1.o
 .bss.TMR1_InterriptOveFlow
                0x0080008a        0x2 MCAL/TIMER_1/TIMER_1.o
 .bss.UART_TX_Fptr
                0x0080008c        0x2 MCAL/UART/UART.o
 .bss.UART_RX_Fptr
                0x0080008e        0x2 MCAL/UART/UART.o
 *(COMMON)
                0x00800090                PROVIDE (__bss_end, .)
                0x0000057c                __data_load_start = LOADADDR (.data)
                0x00000596                __data_load_end = (__data_load_start + SIZEOF (.data))

.noinit         0x00800090        0x0
                [!provide]                PROVIDE (__noinit_start, .)
 *(.noinit*)
                [!provide]                PROVIDE (__noinit_end, .)
                0x00800090                _end = .
                [!provide]                PROVIDE (__heap_start, .)

.eeprom         0x00810000        0x0
 *(.eeprom*)
                0x00810000                __eeprom_end = .

.fuse
 *(.fuse)
 *(.lfuse)
 *(.hfuse)
 *(.efuse)

.lock
 *(.lock*)

.signature
 *(.signature*)

.user_signatures
 *(.user_signatures*)

.stab
 *(.stab)

.stabstr
 *(.stabstr)

.stab.excl
 *(.stab.excl)

.stab.exclstr
 *(.stab.exclstr)

.stab.index
 *(.stab.index)

.stab.indexstr
 *(.stab.indexstr)

.comment        0x00000000       0x30
 *(.comment)
 .comment       0x00000000       0x30 ECU/DC_MOTOR/DC_MOTOR.o
                                 0x31 (size before relaxing)
 .comment       0x00000030       0x31 main.o
 .comment       0x00000030       0x31 MCAL/DIO/DIO.o
 .comment       0x00000030       0x31 MCAL/EXTERNAL_INTERRUPT/EXTERNAL_INTERRUPT.o
 .comment       0x00000030       0x31 MCAL/TIMER_0/TIMER_0.o
 .comment       0x00000030       0x31 MCAL/TIMER_1/TIMER_1.o
 .comment       0x00000030       0x31 MCAL/UART/UART.o

.note.gnu.avr.deviceinfo
                0x00000000       0x3c
 .note.gnu.avr.deviceinfo
                0x00000000       0x3c C:/Program Files (x86)/Atmel/Studio/7.0/Packs/atmel/ATmega_DFP/1.3.300/gcc/dev/atmega32/avr5/crtatmega32.o

.note.gnu.build-id
 *(.note.gnu.build-id)

.debug
 *(.debug)

.line
 *(.line)

.debug_srcinfo
 *(.debug_srcinfo)

.debug_sfnames
 *(.debug_sfnames)

.debug_aranges  0x00000000      0x298
 *(.debug_aranges)
 .debug_aranges
                0x00000000       0x38 ECU/DC_MOTOR/DC_MOTOR.o
 .debug_aranges
                0x00000038       0x20 main.o
 .debug_aranges
                0x00000058       0x48 MCAL/DIO/DIO.o
 .debug_aranges
                0x000000a0       0x40 MCAL/EXTERNAL_INTERRUPT/EXTERNAL_INTERRUPT.o
 .debug_aranges
                0x000000e0       0x60 MCAL/TIMER_0/TIMER_0.o
 .debug_aranges
                0x00000140       0xd0 MCAL/TIMER_1/TIMER_1.o
 .debug_aranges
                0x00000210       0x88 MCAL/UART/UART.o

.debug_pubnames
 *(.debug_pubnames)

.debug_info     0x00000000     0x2017
 *(.debug_info .gnu.linkonce.wi.*)
 .debug_info    0x00000000      0x4e6 C:/Program Files (x86)/Atmel/Studio/7.0/Packs/atmel/ATmega_DFP/1.3.300/gcc/dev/atmega32/avr5/crtatmega32.o
 .debug_info    0x000004e6      0x3fc ECU/DC_MOTOR/DC_MOTOR.o
 .debug_info    0x000008e2      0x263 main.o
 .debug_info    0x00000b45      0x3e1 MCAL/DIO/DIO.o
 .debug_info    0x00000f26      0x27f MCAL/EXTERNAL_INTERRUPT/EXTERNAL_INTERRUPT.o
 .debug_info    0x000011a5      0x35a MCAL/TIMER_0/TIMER_0.o
 .debug_info    0x000014ff      0x840 MCAL/TIMER_1/TIMER_1.o
 .debug_info    0x00001d3f      0x2d8 MCAL/UART/UART.o

.debug_abbrev   0x00000000      0xd55
 *(.debug_abbrev)
 .debug_abbrev  0x00000000      0x4a3 C:/Program Files (x86)/Atmel/Studio/7.0/Packs/atmel/ATmega_DFP/1.3.300/gcc/dev/atmega32/avr5/crtatmega32.o
 .debug_abbrev  0x000004a3      0x10e ECU/DC_MOTOR/DC_MOTOR.o
 .debug_abbrev  0x000005b1      0x105 main.o
 .debug_abbrev  0x000006b6      0x13f MCAL/DIO/DIO.o
 .debug_abbrev  0x000007f5      0x12c MCAL/EXTERNAL_INTERRUPT/EXTERNAL_INTERRUPT.o
 .debug_abbrev  0x00000921       0xf4 MCAL/TIMER_0/TIMER_0.o
 .debug_abbrev  0x00000a15      0x211 MCAL/TIMER_1/TIMER_1.o
 .debug_abbrev  0x00000c26      0x12f MCAL/UART/UART.o

.debug_line     0x00000000     0x14ca
 *(.debug_line .debug_line.* .debug_line_end)
 .debug_line    0x00000000      0x115 C:/Program Files (x86)/Atmel/Studio/7.0/Packs/atmel/ATmega_DFP/1.3.300/gcc/dev/atmega32/avr5/crtatmega32.o
 .debug_line    0x00000115      0x162 ECU/DC_MOTOR/DC_MOTOR.o
 .debug_line    0x00000277       0x9f main.o
 .debug_line    0x00000316      0x214 MCAL/DIO/DIO.o
 .debug_line    0x0000052a      0x2a3 MCAL/EXTERNAL_INTERRUPT/EXTERNAL_INTERRUPT.o
 .debug_line    0x000007cd      0x2c4 MCAL/TIMER_0/TIMER_0.o
 .debug_line    0x00000a91      0x7d3 MCAL/TIMER_1/TIMER_1.o
 .debug_line    0x00001264      0x266 MCAL/UART/UART.o

.debug_frame    0x00000000      0x7d4
 *(.debug_frame)
 .debug_frame   0x00000000       0x84 ECU/DC_MOTOR/DC_MOTOR.o
 .debug_frame   0x00000084       0x24 main.o
 .debug_frame   0x000000a8       0x80 MCAL/DIO/DIO.o
 .debug_frame   0x00000128      0x13c MCAL/EXTERNAL_INTERRUPT/EXTERNAL_INTERRUPT.o
 .debug_frame   0x00000264      0x134 MCAL/TIMER_0/TIMER_0.o
 .debug_frame   0x00000398      0x2b8 MCAL/TIMER_1/TIMER_1.o
 .debug_frame   0x00000650      0x184 MCAL/UART/UART.o

.debug_str      0x00000000      0xfd2
 *(.debug_str)
 .debug_str     0x00000000      0x196 C:/Program Files (x86)/Atmel/Studio/7.0/Packs/atmel/ATmega_DFP/1.3.300/gcc/dev/atmega32/avr5/crtatmega32.o
 .debug_str     0x00000196      0x317 ECU/DC_MOTOR/DC_MOTOR.o
                                0x359 (size before relaxing)
 .debug_str     0x000004ad       0x19 main.o
                                0x307 (size before relaxing)
 .debug_str     0x000004c6       0x97 MCAL/DIO/DIO.o
                                0x384 (size before relaxing)
 .debug_str     0x0000055d      0x126 MCAL/EXTERNAL_INTERRUPT/EXTERNAL_INTERRUPT.o
                                0x2b9 (size before relaxing)
 .debug_str     0x00000683      0x20c MCAL/TIMER_0/TIMER_0.o
                                0x39f (size before relaxing)
 .debug_str     0x0000088f      0x5d0 MCAL/TIMER_1/TIMER_1.o
                                0x763 (size before relaxing)
 .debug_str     0x00000e5f      0x173 MCAL/UART/UART.o
                                0x307 (size before relaxing)

.debug_loc      0x00000000     0x1a80
 *(.debug_loc)
 .debug_loc     0x00000000      0x2b9 ECU/DC_MOTOR/DC_MOTOR.o
 .debug_loc     0x000002b9      0x345 MCAL/DIO/DIO.o
 .debug_loc     0x000005fe      0x3dd MCAL/EXTERNAL_INTERRUPT/EXTERNAL_INTERRUPT.o
 .debug_loc     0x000009db      0x411 MCAL/TIMER_0/TIMER_0.o
 .debug_loc     0x00000dec      0xa3f MCAL/TIMER_1/TIMER_1.o
 .debug_loc     0x0000182b      0x255 MCAL/UART/UART.o

.debug_macinfo
 *(.debug_macinfo)

.debug_weaknames
 *(.debug_weaknames)

.debug_funcnames
 *(.debug_funcnames)

.debug_typenames
 *(.debug_typenames)

.debug_varnames
 *(.debug_varnames)

.debug_pubtypes
 *(.debug_pubtypes)

.debug_ranges   0x00000000      0x2c8
 *(.debug_ranges)
 .debug_ranges  0x00000000       0x28 ECU/DC_MOTOR/DC_MOTOR.o
 .debug_ranges  0x00000028       0x10 main.o
 .debug_ranges  0x00000038       0x38 MCAL/DIO/DIO.o
 .debug_ranges  0x00000070       0x88 MCAL/EXTERNAL_INTERRUPT/EXTERNAL_INTERRUPT.o
 .debug_ranges  0x000000f8       0x50 MCAL/TIMER_0/TIMER_0.o
 .debug_ranges  0x00000148      0x108 MCAL/TIMER_1/TIMER_1.o
 .debug_ranges  0x00000250       0x78 MCAL/UART/UART.o

.debug_macro
 *(.debug_macro)
OUTPUT(ATmega32.elf elf32-avr)
LOAD linker stubs
